interactions:
- request:
    body: '{}'
    headers:
      Accept: [application/json]
      Accept-Encoding: ['gzip, deflate']
      Connection: [keep-alive]
      Content-Length: ['2']
      Content-Type: [application/json]
      User-Agent: [python-requests/2.19.1]
    method: GET
    uri: https://api.exoscale.ch/dns/v1/domains/lexicontest.com
  response:
    body: {string: '{"domain":{"name":"lexicontest.com","expires_on":null,"service_count":0,"state":"hosted","unicode_name":"lexicontest.com","record_count":0,"updated_at":"2018-07-06T08:55:12Z","token":"004b1d549f133893658ef67a2950dfd5","id":384572,"whois_protected":false,"created_at":"2018-07-06T08:55:12Z","auto_renew":false}}'}
    headers:
      Connection: [keep-alive]
      Content-Type: [application/json; charset=utf-8]
      Date: ['Fri, 06 Jul 2018 08:57:42 GMT']
      Strict-Transport-Security: [max-age=15724800; includeSubDomains]
      Transfer-Encoding: [chunked]
      X-Request-Id: [9e14c73d-5808-4467-bbe0-f6f6a7033016]
      content-length: ['310']
    status: {code: 200, message: OK}
- request:
    body: '{}'
    headers:
      Accept: [application/json]
      Accept-Encoding: ['gzip, deflate']
      Connection: [keep-alive]
      Content-Length: ['2']
      Content-Type: [application/json]
      User-Agent: [python-requests/2.19.1]
    method: GET
    uri: https://api.exoscale.ch/dns/v1/domains/lexicontest.com/records?record_type=TXT&name=_acme-challenge.deleterecordinset
  response:
    body: {string: '[]'}
    headers:
      Connection: [keep-alive]
      Content-Type: [application/json; charset=utf-8]
      Date: ['Fri, 06 Jul 2018 08:57:42 GMT']
      Strict-Transport-Security: [max-age=15724800; includeSubDomains]
      Transfer-Encoding: [chunked]
      X-Request-Id: [9e14c73d-5808-4467-bbe0-f6f6a7033016]
      content-length: ['2']
    status: {code: 200, message: OK}
- request:
    body: '{"record": {"record_type": "TXT", "name": "_acme-challenge.deleterecordinset",
      "content": "challengetoken1", "ttl": 3600}}'
    headers:
      Accept: [application/json]
      Accept-Encoding: ['gzip, deflate']
      Connection: [keep-alive]
      Content-Length: ['122']
      Content-Type: [application/json]
      User-Agent: [python-requests/2.19.1]
    method: POST
    uri: https://api.exoscale.ch/dns/v1/domains/lexicontest.com/records
  response:
    body: {string: '{"record":{"record_type":"TXT","content":"challengetoken1","name":"_acme-challenge.deleterecordinset","updated_at":"2018-07-06T08:57:43Z","ttl":3600,"id":14197224,"domain_id":384572,"created_at":"2018-07-06T08:57:43Z","prio":null}}'}
    headers:
      Connection: [keep-alive]
      Content-Type: [application/json; charset=utf-8]
      Date: ['Fri, 06 Jul 2018 08:57:43 GMT']
      ETag: [W/"f734cf3d6e84fb670012c3fff5e5beab"]
      Strict-Transport-Security: [max-age=15724800; includeSubDomains]
      Transfer-Encoding: [chunked]
      X-Request-Id: [d00ff42a-76b5-4cb8-aa87-ad3e265a7271]
      content-length: ['231']
    status: {code: 201, message: Created}
- request:
    body: '{}'
    headers:
      Accept: [application/json]
      Accept-Encoding: ['gzip, deflate']
      Connection: [keep-alive]
      Content-Length: ['2']
      Content-Type: [application/json]
      User-Agent: [python-requests/2.19.1]
    method: GET
    uri: https://api.exoscale.ch/dns/v1/domains/lexicontest.com/records?record_type=TXT&name=_acme-challenge.deleterecordinset
  response:
    body: {string: '[{"record":{"record_type":"TXT","content":"challengetoken1","name":"_acme-challenge.deleterecordinset","updated_at":"2018-07-06T08:57:43Z","ttl":3600,"id":14197224,"domain_id":384572,"created_at":"2018-07-06T08:57:43Z","prio":null}}]'}
    headers:
      Connection: [keep-alive]
      Content-Type: [application/json; charset=utf-8]
      Date: ['Fri, 06 Jul 2018 08:57:44 GMT']
      Strict-Transport-Security: [max-age=15724800; includeSubDomains]
      Transfer-Encoding: [chunked]
      X-Request-Id: [9e14c73d-5808-4467-bbe0-f6f6a7033016]
      content-length: ['233']
    status: {code: 200, message: OK}
- request:
    body: '{"record": {"record_type": "TXT", "name": "_acme-challenge.deleterecordinset",
      "content": "challengetoken2", "ttl": 3600}}'
    headers:
      Accept: [application/json]
      Accept-Encoding: ['gzip, deflate']
      Connection: [keep-alive]
      Content-Length: ['122']
      Content-Type: [application/json]
      User-Agent: [python-requests/2.19.1]
    method: POST
    uri: https://api.exoscale.ch/dns/v1/domains/lexicontest.com/records
  response:
    body: {string: '{"record":{"record_type":"TXT","content":"challengetoken2","name":"_acme-challenge.deleterecordinset","updated_at":"2018-07-06T08:57:44Z","ttl":3600,"id":14197225,"domain_id":384572,"created_at":"2018-07-06T08:57:44Z","prio":null}}'}
    headers:
      Connection: [keep-alive]
      Content-Type: [application/json; charset=utf-8]
      Date: ['Fri, 06 Jul 2018 08:57:44 GMT']
      ETag: [W/"3fe2e807f7a0b707888706f4b210f3d0"]
      Strict-Transport-Security: [max-age=15724800; includeSubDomains]
      Transfer-Encoding: [chunked]
      X-Request-Id: [9e14c73d-5808-4467-bbe0-f6f6a7033016]
      content-length: ['231']
    status: {code: 201, message: Created}
- request:
    body: '{}'
    headers:
      Accept: [application/json]
      Accept-Encoding: ['gzip, deflate']
      Connection: [keep-alive]
      Content-Length: ['2']
      Content-Type: [application/json]
      User-Agent: [python-requests/2.19.1]
    method: GET
    uri: https://api.exoscale.ch/dns/v1/domains/lexicontest.com/records?record_type=TXT&name=_acme-challenge.deleterecordinset
  response:
    body: {string: '[{"record":{"record_type":"TXT","content":"challengetoken1","name":"_acme-challenge.deleterecordinset","updated_at":"2018-07-06T08:57:43Z","ttl":3600,"id":14197224,"domain_id":384572,"created_at":"2018-07-06T08:57:43Z","prio":null}},{"record":{"record_type":"TXT","content":"challengetoken2","name":"_acme-challenge.deleterecordinset","updated_at":"2018-07-06T08:57:44Z","ttl":3600,"id":14197225,"domain_id":384572,"created_at":"2018-07-06T08:57:44Z","prio":null}}]'}
    headers:
      Connection: [keep-alive]
      Content-Type: [application/json; charset=utf-8]
      Date: ['Fri, 06 Jul 2018 08:57:45 GMT']
      Strict-Transport-Security: [max-age=15724800; includeSubDomains]
      Transfer-Encoding: [chunked]
      X-Request-Id: [4ca668aa-5953-4522-a6c9-3ec8fa93bc95]
      content-length: ['465']
    status: {code: 200, message: OK}
- request:
    body: '{}'
    headers:
      Accept: [application/json]
      Accept-Encoding: ['gzip, deflate']
      Connection: [keep-alive]
      Content-Length: ['2']
      Content-Type: [application/json]
      User-Agent: [python-requests/2.19.1]
    method: DELETE
    uri: https://api.exoscale.ch/dns/v1/domains/lexicontest.com/records/14197224
  response:
    body: {string: '{}'}
    headers:
      Connection: [keep-alive]
      Content-Type: [application/json; charset=utf-8]
      Date: ['Fri, 06 Jul 2018 08:57:45 GMT']
      Strict-Transport-Security: [max-age=15724800; includeSubDomains]
      Transfer-Encoding: [chunked]
      X-Request-Id: [4ca668aa-5953-4522-a6c9-3ec8fa93bc95]
      content-length: ['2']
    status: {code: 200, message: OK}
- request:
    body: '{}'
    headers:
      Accept: [application/json]
      Accept-Encoding: ['gzip, deflate']
      Connection: [keep-alive]
      Content-Length: ['2']
      Content-Type: [application/json]
      User-Agent: [python-requests/2.19.1]
    method: GET
    uri: https://api.exoscale.ch/dns/v1/domains/lexicontest.com/records?record_type=TXT&name=_acme-challenge.deleterecordinset
  response:
    body: {string: '[{"record":{"record_type":"TXT","content":"challengetoken2","name":"_acme-challenge.deleterecordinset","updated_at":"2018-07-06T08:57:44Z","ttl":3600,"id":14197225,"domain_id":384572,"created_at":"2018-07-06T08:57:44Z","prio":null}}]'}
    headers:
      Connection: [keep-alive]
      Content-Type: [application/json; charset=utf-8]
      Date: ['Fri, 06 Jul 2018 08:57:45 GMT']
      Strict-Transport-Security: [max-age=15724800; includeSubDomains]
      Transfer-Encoding: [chunked]
      X-Request-Id: [9e14c73d-5808-4467-bbe0-f6f6a7033016]
      content-length: ['233']
    status: {code: 200, message: OK}
version: 1
